// Jest Snapshot v1, https://goo.gl/fbAQLP

exports[`TheDate Component renders the UI as expected 1`] = `
<div>
   
  4/11/2020, 3:41:38 PM
   
</div>
`;
